
> agenciawebyseo@0.1.0 build
> next build

Ôû▓ Next.js 16.1.6 (Turbopack)

  Running TypeScript ...
  Creating an optimized production build ...
node.exe : Turbopack build 
encountered 17 warnings:
En línea: 1 Carácter: 1
+ & "C:\Program 
Files\nodejs/node.exe" 
"C:\Program 
Files\nodejs/node_mo ...
+ ~~~~~~~~~~~~~~~~~~~~~~~~~~~~
~~~~~~~~~~~~~~~~~~~~~~~~~~~~~~
~~~~~~~~~~~
    + CategoryInfo          : 
    NotSpecified: (Turbopack  
   build encountered 17 war   
 nings::String) [], Remote    
Exception
    + FullyQualifiedErrorId : 
    NativeCommandError
 
./src/styles/components/blog/b
logLink.module.scss
Issue while running loader
SassWarning: Deprecation 
Warning on line 0, column 8 
of file:///E:/PROGRAMACION/web
-agencia/src/styles/components
/blog/blogLink.module.scss:0:8
:
Sass @import rules are 
deprecated and will be 
removed in Dart Sass 3.0.0.

More info and automated 
migrator: 
https://sass-lang.com/d/import

0 | @import 
"../../colors.scss";


src\styles\components\blog\blo
gLink.module.scss 1:9  root 
stylesheet


Import traces:
  Browser:
    ./src/styles/components/bl
og/blogLink.module.scss
    ./src/components/blog/blog
Link.js
    ./src/pages/blog/index.js

  SSR:
    ./src/styles/components/bl
og/blogLink.module.scss
    ./src/components/blog/blog
Link.js
    ./src/pages/blog/index.js


./src/styles/components/conten
t/button.module.scss
Issue while running loader
SassWarning: Deprecation 
Warning on line 0, column 8 
of file:///E:/PROGRAMACION/web
-agencia/src/styles/components
/content/button.module.scss:0:
8:
Sass @import rules are 
deprecated and will be 
removed in Dart Sass 3.0.0.

More info and automated 
migrator: 
https://sass-lang.com/d/import

0 | @import "../../colors";


src\styles\components\content\
button.module.scss 1:9  root 
stylesheet


Import traces:
  Browser:
    ./src/styles/components/co
ntent/button.module.scss
    ./src/components/content/b
utton.js
    ./src/pages/blog/bar.js

  SSR:
    ./src/styles/components/co
ntent/button.module.scss
    ./src/components/content/b
utton.js
    ./src/pages/centro/seo/ind
ex.js


./src/styles/components/conten
t/highlight.module.scss
Issue while running loader
SassWarning: Deprecation 
Warning on line 0, column 8 
of file:///E:/PROGRAMACION/web
-agencia/src/styles/components
/content/highlight.module.scss
:0:8:
Sass @import rules are 
deprecated and will be 
removed in Dart Sass 3.0.0.

More info and automated 
migrator: 
https://sass-lang.com/d/import

0 | @import 
"../../colors.scss";


src\styles\components\content\
highlight.module.scss 1:9  
root stylesheet


Import traces:
  Browser:
    ./src/styles/components/co
ntent/highlight.module.scss
    ./src/components/content/h
ighlight.js
    ./src/home/seo-features2/s
eoFeatures2.js
    ./src/pages/index.js

  SSR:
    ./src/styles/components/co
ntent/highlight.module.scss
    ./src/components/content/h
ighlight.js
    ./src/home/seo-features2/s
eoFeatures2.js
    ./src/pages/index.js


./src/styles/components/conten
t/subheading.module.scss
Issue while running loader
SassWarning: Deprecation 
Warning on line 0, column 8 
of file:///E:/PROGRAMACION/web
-agencia/src/styles/components
/content/subheading.module.scs
s:0:8:
Sass @import rules are 
deprecated and will be 
removed in Dart Sass 3.0.0.

More info and automated 
migrator: 
https://sass-lang.com/d/import

0 | @import 
"../../colors.scss";


src\styles\components\content\
subheading.module.scss 1:9  
root stylesheet


Import traces:
  Browser:
    ./src/styles/components/co
ntent/subheading.module.scss
    ./src/components/content/s
ubheading.js
    ./src/pages/desarrollo-web
/index.js

  SSR:
    ./src/styles/components/co
ntent/subheading.module.scss
    ./src/components/content/s
ubheading.js
    ./src/pages/desarrollo-web
/index.js


./src/styles/components/featur
e/feature.module.scss
Issue while running loader
SassWarning: Deprecation 
Warning on line 2, column 8 
of file:///E:/PROGRAMACION/web
-agencia/src/styles/components
/feature/feature.module.scss:2
:8:
Sass @import rules are 
deprecated and will be 
removed in Dart Sass 3.0.0.

More info and automated 
migrator: 
https://sass-lang.com/d/import

2 | @import 
"../../colors.scss";


src\styles\components\feature\
feature.module.scss 3:9  root 
stylesheet


Import traces:
  Browser:
    ./src/styles/components/fe
ature/feature.module.scss
    ./src/home/design-features
/designFeatures.js
    ./src/pages/index.js

  SSR:
    ./src/styles/components/fe
ature/feature.module.scss
    ./src/home/design-features
/designFeatures.js
    ./src/pages/index.js


./src/styles/designs/bento.mod
ule.scss
Issue while running loader
SassWarning: Deprecation 
Warning on line 1, column 8 
of file:///E:/PROGRAMACION/web
-agencia/src/styles/designs/be
nto.module.scss:1:8:
Sass @import rules are 
deprecated and will be 
removed in Dart Sass 3.0.0.

More info and automated 
migrator: 
https://sass-lang.com/d/import

1 | @import "../colors.scss";


src\styles\designs\bento.modul
e.scss 2:9  root stylesheet


Import traces:
  Browser:
    ./src/styles/designs/bento
.module.scss
    ./src/designs/bento.js
    ./src/pages/desarrollo-web
/index.js

  SSR:
    ./src/styles/designs/bento
.module.scss
    ./src/designs/bento.js
    ./src/pages/desarrollo-web
/index.js


./src/styles/designs/stack.mod
ule.scss
Issue while running loader
SassWarning: Deprecation 
Warning on line 0, column 8 
of file:///E:/PROGRAMACION/web
-agencia/src/styles/designs/st
ack.module.scss:0:8:
Sass @import rules are 
deprecated and will be 
removed in Dart Sass 3.0.0.

More info and automated 
migrator: 
https://sass-lang.com/d/import

0 | @import "../colors.scss";


src\styles\designs\stack.modul
e.scss 1:9  root stylesheet


Import traces:
  Browser:
    ./src/styles/designs/stack
.module.scss
    ./src/designs/stack.js
    ./src/pages/desarrollo-web
/index.js

  SSR:
    ./src/styles/designs/stack
.module.scss
    ./src/designs/stack.js
    ./src/pages/desarrollo-web
/index.js


./src/styles/header/header.mod
ule.scss
Issue while running loader
SassWarning: Deprecation 
Warning on line 0, column 8 
of file:///E:/PROGRAMACION/web
-agencia/src/styles/header/hea
der.module.scss:0:8:
Sass @import rules are 
deprecated and will be 
removed in Dart Sass 3.0.0.

More info and automated 
migrator: 
https://sass-lang.com/d/import

0 | @import "../colors";


src\styles\header\header.modul
e.scss 1:9  root stylesheet


Import traces:
  Browser:
    ./src/styles/header/header
.module.scss
    ./src/components/header/he
ader.js
    ./src/pages/_app.js

  SSR:
    ./src/styles/header/header
.module.scss
    ./src/components/header/he
ader.js
    ./src/pages/_app.js


./src/styles/home/blog/showcas
e.module.scss
Issue while running loader
SassWarning: Deprecation 
Warning on line 0, column 8 
of file:///E:/PROGRAMACION/web
-agencia/src/styles/home/blog/
showcase.module.scss:0:8:
Sass @import rules are 
deprecated and will be 
removed in Dart Sass 3.0.0.

More info and automated 
migrator: 
https://sass-lang.com/d/import

0 | @import 
"../../colors.scss";


src\styles\home\blog\showcase.
module.scss 1:9  root 
stylesheet


Import traces:
  Browser:
    ./src/styles/home/blog/sho
wcase.module.scss
    
./src/home/blog/showcase.js
    ./src/pages/index.js

  SSR:
    ./src/styles/home/blog/sho
wcase.module.scss
    
./src/home/blog/showcase.js
    ./src/pages/index.js


./src/styles/home/button/butto
n.module.scss
Issue while running loader
SassWarning: Deprecation 
Warning on line 0, column 8 
of file:///E:/PROGRAMACION/web
-agencia/src/styles/home/butto
n/button.module.scss:0:8:
Sass @import rules are 
deprecated and will be 
removed in Dart Sass 3.0.0.

More info and automated 
migrator: 
https://sass-lang.com/d/import

0 | @import 
"../../colors.scss";


src\styles\home\button\button.
module.scss 1:9  root 
stylesheet


Import traces:
  Browser:
    ./src/styles/home/button/b
utton.module.scss
    
./src/home/button/button.js
    ./src/home/design-guide/de
sign-guide.js
    ./src/pages/index.js

  SSR:
    ./src/styles/home/button/b
utton.module.scss
    
./src/home/button/button.js
    ./src/home/design-guide/de
sign-guide.js
    ./src/pages/index.js


./src/styles/home/charts/seoCh
artElement.module.scss
Issue while running loader
SassWarning: Deprecation 
Warning on line 0, column 8 
of file:///E:/PROGRAMACION/web
-agencia/src/styles/home/chart
s/seoChartElement.module.scss:
0:8:
Sass @import rules are 
deprecated and will be 
removed in Dart Sass 3.0.0.

More info and automated 
migrator: 
https://sass-lang.com/d/import

0 | @import 
"../../colors.scss";


src\styles\home\charts\seoChar
tElement.module.scss 1:9  
root stylesheet


Import traces:
  Browser:
    ./src/styles/home/charts/s
eoChartElement.module.scss
    ./src/home/charts/seo-char
t-element.js
    ./src/home/charts/seo-char
ts.js
    ./src/pages/index.js

  SSR:
    ./src/styles/home/charts/s
eoChartElement.module.scss
    ./src/home/charts/seo-char
t-element.js
    ./src/home/charts/seo-char
ts.js
    ./src/pages/index.js


./src/styles/home/comparison/c
omparison.module.scss
Issue while running loader
SassWarning: Deprecation 
Warning on line 0, column 8 
of file:///E:/PROGRAMACION/web
-agencia/src/styles/home/compa
rison/comparison.module.scss:0
:8:
Sass @import rules are 
deprecated and will be 
removed in Dart Sass 3.0.0.

More info and automated 
migrator: 
https://sass-lang.com/d/import

0 | @import 
"../../colors.scss";


src\styles\home\comparison\com
parison.module.scss 1:9  root 
stylesheet


Import traces:
  Browser:
    ./src/styles/home/comparis
on/comparison.module.scss
    ./src/home/comparison/comp
arison.js
    ./src/pages/index.js

  SSR:
    ./src/styles/home/comparis
on/comparison.module.scss
    ./src/home/comparison/comp
arison.js
    ./src/pages/index.js


./src/styles/home/design-guide
/design-guide.module.scss
Issue while running loader
SassWarning: Deprecation 
Warning on line 2, column 8 
of file:///E:/PROGRAMACION/web
-agencia/src/styles/home/desig
n-guide/design-guide.module.sc
ss:2:8:
Sass @import rules are 
deprecated and will be 
removed in Dart Sass 3.0.0.

More info and automated 
migrator: 
https://sass-lang.com/d/import

2 | @import 
"../../colors.scss";


src\styles\home\design-guide\d
esign-guide.module.scss 3:9  
root stylesheet


Import traces:
  Browser:
    ./src/styles/home/design-g
uide/design-guide.module.scss
    ./src/home/design-guide/de
sign-guide.js
    ./src/pages/index.js

  SSR:
    ./src/styles/home/design-g
uide/design-guide.module.scss
    ./src/home/design-guide/de
sign-guide.js
    ./src/pages/index.js


./src/styles/home/hero/hero.mo
dule.scss
Issue while running loader
SassWarning: Deprecation 
Warning on line 0, column 8 
of file:///E:/PROGRAMACION/web
-agencia/src/styles/home/hero/
hero.module.scss:0:8:
Sass @import rules are 
deprecated and will be 
removed in Dart Sass 3.0.0.

More info and automated 
migrator: 
https://sass-lang.com/d/import

0 | @import "../../colors";


src\styles\home\hero\hero.modu
le.scss 1:9  root stylesheet


Import traces:
  Browser:
    ./src/styles/home/hero/her
o.module.scss
    ./src/home/hero/hero.js
    ./src/pages/index.js

  SSR:
    ./src/styles/home/hero/her
o.module.scss
    ./src/home/hero/hero.js
    ./src/pages/index.js


./src/styles/home/home.module.
scss
Issue while running loader
SassWarning: Deprecation 
Warning on line 0, column 8 
of file:///E:/PROGRAMACION/web
-agencia/src/styles/home/home.
module.scss:0:8:
Sass @import rules are 
deprecated and will be 
removed in Dart Sass 3.0.0.

More info and automated 
migrator: 
https://sass-lang.com/d/import

0 | @import "../colors";


src\styles\home\home.module.sc
ss 1:9  root stylesheet


Import traces:
  Browser:
    ./src/styles/home/home.mod
ule.scss
    ./src/pages/index.js

  SSR:
    ./src/styles/home/home.mod
ule.scss
    ./src/pages/index.js


./src/styles/home/persuassion/
persuassion.module.scss
Issue while running loader
SassWarning: Deprecation 
Warning on line 0, column 8 
of file:///E:/PROGRAMACION/web
-agencia/src/styles/home/persu
assion/persuassion.module.scss
:0:8:
Sass @import rules are 
deprecated and will be 
removed in Dart Sass 3.0.0.

More info and automated 
migrator: 
https://sass-lang.com/d/import

0 | @import 
"../../colors.scss";


src\styles\home\persuassion\pe
rsuassion.module.scss 1:9  
root stylesheet


Import traces:
  Browser:
    ./src/styles/home/persuass
ion/persuassion.module.scss
    ./src/home/persuassion/per
suassion.js
    ./src/pages/index.js

  SSR:
    ./src/styles/home/persuass
ion/persuassion.module.scss
    ./src/home/persuassion/per
suassion.js
    ./src/pages/index.js


./src/styles/home/rocket/rocke
t.module.scss
Issue while running loader
SassWarning: Deprecation 
Warning on line 0, column 8 
of file:///E:/PROGRAMACION/web
-agencia/src/styles/home/rocke
t/rocket.module.scss:0:8:
Sass @import rules are 
deprecated and will be 
removed in Dart Sass 3.0.0.

More info and automated 
migrator: 
https://sass-lang.com/d/import

0 | @import 
"../../colors.scss";


src\styles\home\rocket\rocket.
module.scss 1:9  root 
stylesheet


Import traces:
  Browser:
    ./src/styles/home/rocket/r
ocket.module.scss
    
./src/home/rocket/rocket.js
    ./src/pages/index.js

  SSR:
    ./src/styles/home/rocket/r
ocket.module.scss
    
./src/home/rocket/rocket.js
    ./src/pages/index.js



> Build error occurred
Error: Turbopack build failed 
with 2 errors:
./src/styles/blog/[slug].modul
e.scss.module.css:1:2181
Parsing CSS source code failed
[0m[31m[1m>[22m[39m[90m 
1 |[39m [33m@[39mproperty 
[33m--[39mcolor1{syntax[33m:
[39m[32m"<color>"[39m[33m;
[39minitial[33m-[39mvalue[
33m:[39mhsla([35m0[39m[33m
,[39m[35m0[39m[33m%[39m[
33m,[39m[35m100[39m[33m%[
39m[33m,[39m[35m.1[39m)[3
3m;[39minherits[33m:[39m[3
6mfalse[39m}[33m@[39mproper
ty [33m--[39mcolor2{syntax[
33m:[39m[32m"<color>"[39m[
33m;[39minitial[33m-[39mval
ue[33m:[39mhsla([35m0[39m
[33m,[39m[35m0[39m[33m%[3
9m[33m,[39m[35m100[39m[33
m%[39m[33m,[39m[35m.05[39
m)[33m;[39minherits[33m:[3
9m[36mfalse[39m}[33m.[39mr
oot{display[33m:[39mflex[33
m;[39mflex[33m-[39mdirectio
n[33m:[39mcolumn[33m;[39ma
lign[33m-[39mitems[33m:[39
mcenter[33m;[39mpadding[33m
:[39m[35m5[39mrem 
[35m1[39mrem [35m8[39mrem 
[35m1[39mrem[33m;[39mbackg
round[33m-[39mcolor[33m:[3
9m[33m#[39mfff[33m;[39mcol
or[33m:[39m[33m#[39m[35m0
00[39m}[33m.[39mroot [33m.
[39mheader{display[33m:[39m
flex[33m;[39mjustify[33m-[
39mcontent[33m:[39mcenter[3
3m;[39malign[33m-[39mitems
[33m:[39mcenter[33m;[39mfle
x[33m-[39mwrap[33m:[39mwra
p[33m;[39mmax[33m-[39mwidt
h[33m:[39m[35m1150[39mpx[
33m;[39mgap[33m:[39m[35m2.
5[39mrem[33m;[39mmargin[33
m-[39mbottom[33m:[39m[35m3
[39mrem}[33m.[39mroot 
[33m.[39mheader [33m.[39mt
itleWrapper{flex[33m:[39m[3
5m1[39m [35m1[39m [35m500
[39mpx[33m;[39mcolor[33m:[
39m[33m#[39m[35m000[39m}[
33m.[39mroot 
[33m.[39mheader 
[33m.[39mtitleWrapper [33m*
[39m{color[33m:[39minherit}
[33m.[39mroot 
[33m.[39mheader 
[33m.[39mtitleWrapper span[
33m.[39mtitle[33m,[39m[33m
.[39mroot [33m.[39mheader 
[33m.[39mtitleWrapper h1[33
m.[39mtitle{font[33m-[39msi
ze[33m:[39mclamp([35m3.5[3
9mrem[33m,[39m[35m2[39mvw 
[33m+[39m [35m3[39mrem[33
m,[39m[35m4[39mrem)[33m;[
39mdisplay[33m:[39minline[3
3m;[39mline[33m-[39mheight
[33m:[39munset[33m;[39mfont
[33m-[39mweight[33m:[39m[
35m700[39m}[33m.[39mroot 
[33m.[39mheader [33m.[39mt
itleWrapper[33m>[39mdiv{disp
lay[33m:[39mflex[33m;[39ma
lign[33m-[39mitems[33m:[39
mcenter[33m;[39mmargin[33m-
[39mtop[33m:[39m[35m.75[3
9mrem[33m;[39mfont[33m-[39
msize[33m:[39m[35m1.3[39mr
em}[33m.[39mroot 
[33m.[39mheader 
[33m.[39mtitleWrapper [33m.
[39mauthor{gap[33m:[39m[35
m1[39mrem}[33m.[39mroot 
[33m.[39mheader 
[33m.[39mtitleWrapper 
[33m.[39mauthor img{width[3
3m:[39m[35m100[39m[33m%[3
9m[33m;[39mmax[33m-[39mwid
th[33m:[39m[35m2[39mrem[3
3m;[39mheight[33m:[39mauto}
[33m.[39mroot 
[33m.[39mheader img{width[3
3m:[39m[35m100[39m[33m%[3
9m[33m;[39mmax[33m-[39mwid
th[33m:[39m[35m20[39mrem[
33m;[39mheight[33m:[39mauto
[33m;[39mborder[33m-[39mra
dius[33m:[39m[35m1.75[39mr
em[33m;[39mbox[33m-[39msha
dow[33m:[39m[33m#[39m[35m
26394[39md [35m0[39mpx 
[35m20[39mpx [35m30[39mpx 
[33m-[39m[35m10[39mpx}[33
m.[39mroot [33m.[39mcontent
{display[33m:[39mflex[33m;
[39mflex[33m-[39mdirection[
33m:[39mcolumn[33m;[39malig
n[33m-[39mitems[33m:[39mce
nter[33m;[39mwidth[33m:[39
m[35m100[39m[33m%[39m[33m
;[39mmax[33m-[39mwidth[33m
:[39m[35m810[39mpx[33m;[3
9mmargin[33m-[39mtop[33m:[
39m[35m5[39mrem}[33m.[39mr
oot [33m.[39mcontent[33m>[
39mdiv{width[33m:[39m[35m10
0[39m[33m%[39m}[33m.[39mr
oot [33m.[39mcontent[33m>[
39mdiv 
p[33m,[39m[33m.[39mroot [
33m.[39mcontent[33m>[39mdiv
 ul 
li[33m,[39m[33m.[39mroot 
[33m.[39mcontent[33m>[39mdi
v ol 
li[33m,[39m[33m.[39mroot 
[33m.[39mcontent[33m>[39mdi
v p a{font[33m-[39msize[33m
:[39mclamp([35m1.2[39mrem[
33m,[39m[35m.15[39mvw 
[33m+[39m [35m1.1[39mrem[
33m,[39m[35m1.27[39mrem)[3
3m;[39mline[33m-[39mheight
[33m:[39m[35m2[39mrem[33m;
[39mcolor[33m:[39m[33m#[3
9m[35m000[39m[33m;[39mmarg
in[33m:[39m[35m2.1[39mrem 
[35m0[39m}[33m.[39mroot [
33m.[39mcontent[33m>[39mdiv
 ul[33m,[39m[33m.[39mroot 
[33m.[39mcontent[33m>[39md
iv ol{padding[33m-[39mleft[
33m:[39m[35m3[39mrem}[33m.
[39mroot [33m.[39mcontent[
33m>[39mdiv ul 
li[33m,[39m[33m.[39mroot 
[33m.[39mcontent[33m>[39mdi
v ol li{margin[33m:[39m[35m
2.5[39mrem 
[35m0[39m}[33m.[39mroot [
33m.[39mcontent[33m>[39mdiv
 h2{font[33m-[39msize[33m:
[39mclamp([35m1.76[39mrem[3
3m,[39m[35m.64[39mvw 
[33m+[39m [35m1.6[39mrem[
33m,[39m[35m2.11[39mrem)[3
3m;[39mmargin[33m:[39m[35m
2.5[39mrem 
[35m0[39m}[33m.[39mroot [
33m.[39mcontent[33m>[39mdiv
 h3{font[33m-[39msize[33m:
[39mclamp([35m1.41[39mrem[3
3m,[39m[35m.32[39mvw 
[33m+[39m [35m1.33[39mrem
[33m,[39m[35m1.58[39mrem)[
33m;[39mmargin[33m:[39m[35
m2.5[39mrem 
[35m0[39m}[33m.[39mroot [
33m.[39mcontent[33m>[39mdiv
 p a{background[33m-[39mimag
e[33m:[39mlinear[33m-[39mg
radient(to right[33m,[39m 
[33m#[39m[35m3[39mc00ff [
35m100[39m[33m%[39m[33m,[
39m [33m#[39mffffff [35m0[
39m)[33m;[39mbackground[33m
-[39mposition[33m:[39m[35m
0[39m [35m110[39m[33m%[39
m[33m;[39mbackground[33m-[
39mrepeat[33m:[39mrepeat[33
m-[39mx[33m;[39mbackground
[33m-[39msize[33m:[39m[35m
100[39m[33m%[39m [35m25[3
9m[33m%[39m[33m;[39mcolor
[33m:[39m[33m#[39mfff[33m;
[39mtext[33m-[39mdecoration
[33m:[39mnone[33m;[39mtran
sition[33m:[39m[35m.2[39ms
 background[33m-[39msize[33
m,[39m[35m.1[39ms color[33
m;[39mborder[33m-[39mradius
[33m:[39m[35m1[39mrem[33m
;[39mpadding[33m-[39mleft[
33m:[39m[35m.3[39mrem[33m;
[39mpadding[33m-[39mright[
33m:[39m[35m.3[39mrem[33m;
[39mfont[33m-[39msize[33m:
[39mclamp([35m1.18[39mrem[
33m,[39m[35m.15[39mvw 
[33m+[39m [35m1.1[39mrem[
33m,[39m[35m1.25[39mrem)[3
3m;[39muser[33m-[39mselect
[33m:[39mnone}[33m.[39mroot
 [33m.[39mcontent[33m>[39m
div p a[33m:[39mhover{backgr
ound[33m-[39msize[33m:[39m
[35m100[39m[33m%[39m [35m
100[39m[33m%[39m}[33m.[39
mroot [33m.[39mcontent[33m>
[39mdiv p a{color[33m:[39m
[33m#[39m[35m000[39m}[33m.
[39mroot [33m.[39mcontent[
33m>[39mdiv p a[33m:[39mhov
er{background[33m-[39msize[
33m:[39m[35m100[39m[33m%[
39m [35m100[39m[33m%[39m[
33m;[39mcolor[33m:[39m[33m
#[39mfff}[33m.[39mroot 
[33m:[39mglobal [33m.[39mw
p[33m-[39mblock[33m-[39mbu
ttons{display[33m:[39mflex[
33m;[39malign[33m-[39mitems
[33m:[39mcenter[33m;[39mju
stify[33m-[39mcontent[33m:
[39mcenter[33m;[39mmargin[3
3m:[39m[35m3[39mrem 
[35m0[39m}[33m.[39mroot 
[33m:[39mglobal [33m.[39mw
p[33m-[39mblock[33m-[39mbu
ttons [33m.[39mwp[33m-[39m
block[33m-[39mbutton{positio
n[33m:[39mrelative[33m;[39
mpadding[33m:[39m[35m.85[3
9mrem [35m1.85[39mrem[33m;
[39mborder[33m-[39mradius[3
3m:[39m[35m1.2[39mrem[33m;
[39mfont[33m-[39mweight[33
m:[39mbold[33m;[39mbackgrou
nd[33m:[39mlinear[33m-[39m
gradient([35m315[39mdeg[33m
,[39m 
rgb([35m153[39m[33m,[39m 
[35m0[39m[33m,[39m 
[35m255[39m) [35m0[39m[33
m%[39m[33m,[39m 
rgb([35m0[39m[33m,[39m 
[35m136[39m[33m,[39m 
[35m255[39m) [35m100[39m[
33m%[39m)[33m;[39mborder[3
3m:[39mnone[33m;[39moutline
[33m:[39mnone[33m;[39mcolo
r[33m:[39m[33m#[39mfff[33
m;[39mfont[33m-[39msize[33
m:[39mclamp([35m1.15[39mrem
[33m,[39m[35m.3[39mvw 
[33m+[39m [35m1.3[39mrem[
33m,[39m[35m1.4[39mrem)[33
m;[39mcursor[33m:[39mpointe
r[33m;[39mtransform[33m:[3
9mperspective([35m1[39mpx) t
ranslateZ([35m0[39m)[33m;[
39mbox[33m-[39mshadow[33m:
[39m[35m0[39m [35m0[39m 
[35m1[39mpx rgba([35m0[39m
[33m,[39m[35m0[39m[33m,[
39m[35m0[39m[33m,[39m[35m
0[39m)[33m;[39mtransition[
33m-[39mduration[33m:[39m[
35m.3[39ms[33m;[39mletter[
33m-[39mspacing[33m:[39m[3
3m-[39m[35m1[39mpx}[33m.[
39mroot [33m:[39mglobal [33
m.[39mwp[33m-[39mblock[33m
-[39mbuttons [33m.[39mwp[3
3m-[39mblock[33m-[39mbutton
[33m:[39mhover[33m,[39m[3
3m.[39mroot 
[33m:[39mglobal [33m.[39mw
p[33m-[39mblock[33m-[39mbu
ttons [33m.[39mwp[33m-[39m
block[33m-[39mbutton[33m:[
39mfocus[33m,[39m[33m.[39m
root [33m:[39mglobal [33m.
[39mwp[33m-[39mblock[33m-[
39mbuttons [33m.[39mwp[33m-
[39mblock[33m-[39mbutton[3
3m:[39mactive{[33m-[39mwebk
it[33m-[39mtransform[33m:[
39mtranslateY([33m-[39m[35m
5[39mpx)[33m;[39mtransform
[33m:[39mtranslateY([33m-[3
9m[35m5[39mpx)}[33m.[39mro
ot [33m:[39mglobal [33m.[3
9mwp[33m-[39mblock[33m-[39
mbuttons [33m.[39mwp[33m-[
39mblock[33m-[39mbutton[33m
:[39mhover[33m:[39mbefore[
33m,[39m[33m.[39mroot 
[33m:[39mglobal [33m.[39mw
p[33m-[39mblock[33m-[39mbu
ttons [33m.[39mwp[33m-[39m
block[33m-[39mbutton[33m:[
39mfocus[33m:[39mbefore[33m
,[39m[33m.[39mroot 
[33m:[39mglobal [33m.[39mw
p[33m-[39mblock[33m-[39mbu
ttons [33m.[39mwp[33m-[39m
block[33m-[39mbutton[33m:[
39mactive[33m:[39mbefore{opa
city[33m:[39m[35m1[39m[33
m;[39m[33m-[39mwebkit[33m-
[39mtransform[33m:[39mtrans
lateY([35m5[39mpx)[33m;[39
mtransform[33m:[39mtranslate
Y([35m5[39mpx)}[33m.[39mro
ot [33m:[39mglobal [33m.[3
9mwp[33m-[39mblock[33m-[39
mbuttons [33m.[39mwp[33m-[
39mblock[33m-[39mbutton[33m
:[39m[33m:[39mbefore{pointe
r[33m-[39mevents[33m:[39mn
one[33m;[39mposition[33m:[
39mabsolute[33m;[39mz[33m-
[39mindex[33m:[39m[33m-[39
m[35m1[39m[33m;[39mcontent
[33m:[39m[32m""[39m[33m;
[39mtop[33m:[39m[35m100[39
m[33m%[39m[33m;[39mleft[3
3m:[39m[35m5[39m[33m%[39m
[33m;[39mheight[33m:[39m[
35m10[39mpx[33m;[39mwidth[
33m:[39m[35m90[39m[33m%[3
9m[33m;[39mopacity[33m:[39
m[35m0[39m[33m;[39mbackgro
und[33m:[39m[33m-[39mwebki
t[33m-[39mradial[33m-[39mg
radient(center[33m,[39m 
ellipse[33m,[39m 
rgba([35m0[39m[33m,[39m 
[35m0[39m[33m,[39m 
[35m0[39m[33m,[39m 
[35m0.35[39m) [35m0[39m[3
3m%[39m[33m,[39m 
rgba([35m0[39m[33m,[39m 
[35m0[39m[33m,[39m 
[35m0[39m[33m,[39m 
[35m0[39m) [35m80[39m[33m
%[39m)[33m;[39mbackground[
33m:[39mradial[33m-[39mgrad
ient(ellipse at 
center[33m,[39m 
rgba([35m0[39m[33m,[39m 
[35m0[39m[33m,[39m 
[35m0[39m[33m,[39m 
[35m0.35[39m) [35m0[39m[3
3m%[39m[33m,[39m 
rgba([35m0[39m[33m,[39m 
[35m0[39m[33m,[39m 
[35m0[39m[33m,[39m 
[35m0[39m) [35m80[39m[33m
%[39m)[33m;[39m[33m-[39mw
ebkit[33m-[39mtransition[33
m-[39mduration[33m:[39m[35
m.3[39ms[33m;[39mtransition
[33m-[39mduration[33m:[39m
[35m.3[39ms[33m;[39m[33m-
[39mwebkit[33m-[39mtransiti
on[33m-[39mproperty[33m:[3
9mtransform[33m,[39mopacity
[33m;[39mtransition[33m-[39
mproperty[33m:[39mtransform
[33m,[39mopacity}[33m.[39mr
oot [33m:[39mglobal [33m.[
39mwp[33m-[39mblock[33m-[3
9mbuttons [33m.[39mwp[33m-
[39mblock[33m-[39mbutton a{c
olor[33m:[39m[33m#[39mfff}
[33m.[39mroot 
[33m:[39mglobal [33m.[39mw
p[33m-[39mblock[33m-[39mim
age{display[33m:[39mflex[33
m;[39mflex[33m-[39mdirectio
n[33m:[39mcolumn[33m;[39ma
lign[33m-[39mitems[33m:[39
mcenter[33m;[39mmargin[33m:
[39m[35m5[39mrem 
[35m0[39m}[33m.[39mroot 
[33m:[39mglobal [33m.[39mw
p[33m-[39mblock[33m-[39mim
age img{width[33m:[39m[35m1
00[39m[33m%[39m[33m;[39mh
eight[33m:[39mauto[33m;[39
mmax[33m-[39mwidth[33m:[39
m[35m45[39mrem}
 [90m   |[39m               
                              
                              
                              
                              
                              
                              
                              
                              
                              
                              
                              
                              
                              
                              
                              
                              
                              
                              
                              
                              
                              
                              
                              
                              
                              
                              
                              
                              
                              
                              
                              
                              
                              
                              
                              
                              
                              
                              
                              
                              
                              
                              
                              
                              
                              
                              
                              
                              
                              
                              
                              
                              
                              
                              
                              
                              
                              
                              
                              
                              
                              
                              
                              
                              
                              
                              
                              
                              
                              
                              
                              
                              
      [31m[1m^[22m[39m[0m

Ambiguous CSS module class 
not supported

Import trace:
  Browser:
    ./src/styles/blog/[slug].m
odule.scss.module.css
    ./src/styles/blog/[slug].m
odule.scss
    ./src/pages/blog/[slug].js


./src/styles/blog/[slug].modul
e.scss.module.css:114:5
Parsing CSS source code failed
[0m [90m 112 |[39m
 [90m 113 |[39m 
[33m.[39mroot 
[33m:[39mglobal {
[31m[1m>[22m[39m[90m 114 
|[39m     [33m.[39mwp[33m-
[39mblock[33m-[39mbuttons {
 [90m     |[39m     
[31m[1m^[22m[39m
 [90m 115 |[39m         
display[33m:[39m 
flex[33m;[39m
 [90m 116 |[39m         alig
n[33m-[39mitems[33m:[39m 
center[33m;[39m
 [90m 117 |[39m         just
ify[33m-[39mcontent[33m:[3
9m center[33m;[39m[0m

Ambiguous CSS module class 
not supported

Import trace:
  Browser:
    ./src/styles/blog/[slug].m
odule.scss.module.css
    ./src/styles/blog/[slug].m
odule.scss
    ./src/pages/blog/[slug].js


    at <unknown> (./src/styles
/blog/[slug].module.scss.modul
e.css:1:2181)
    at <unknown> (./src/styles
/blog/[slug].module.scss.modul
e.css:114:5)
